{
  "version": "1.5.0",
  "plugins_used": [
    {
      "name": "ArtifactoryDetector"
    },
    {
      "name": "AWSKeyDetector"
    },
    {
      "name": "AzureStorageKeyDetector"
    },
    {
      "name": "Base64HighEntropyString",
      "limit": 4.5
    },
    {
      "name": "BasicAuthDetector"
    },
    {
      "name": "CloudantDetector"
    },
    {
      "name": "DiscordBotTokenDetector"
    },
    {
      "name": "GitHubTokenDetector"
    },
    {
      "name": "GitLabTokenDetector"
    },
    {
      "name": "HexHighEntropyString",
      "limit": 3.0
    },
    {
      "name": "IbmCloudIamDetector"
    },
    {
      "name": "IbmCosHmacDetector"
    },
    {
      "name": "IPPublicDetector"
    },
    {
      "name": "JwtTokenDetector"
    },
    {
      "name": "KeywordDetector",
      "keyword_exclude": ""
    },
    {
      "name": "MailchimpDetector"
    },
    {
      "name": "NpmDetector"
    },
    {
      "name": "OpenAIDetector"
    },
    {
      "name": "PrivateKeyDetector"
    },
    {
      "name": "PypiTokenDetector"
    },
    {
      "name": "SendGridDetector"
    },
    {
      "name": "SlackDetector"
    },
    {
      "name": "SoftlayerDetector"
    },
    {
      "name": "SquareOAuthDetector"
    },
    {
      "name": "StripeDetector"
    },
    {
      "name": "TelegramBotTokenDetector"
    },
    {
      "name": "TwilioKeyDetector"
    }
  ],
  "filters_used": [
    {
      "path": "detect_secrets.filters.allowlist.is_line_allowlisted"
    },
    {
      "path": "detect_secrets.filters.common.is_baseline_file",
      "filename": ".secrets.baseline"
    },
    {
      "path": "detect_secrets.filters.common.is_ignored_due_to_verification_policies",
      "min_level": 2
    },
    {
      "path": "detect_secrets.filters.heuristic.is_indirect_reference"
    },
    {
      "path": "detect_secrets.filters.heuristic.is_likely_id_string"
    },
    {
      "path": "detect_secrets.filters.heuristic.is_lock_file"
    },
    {
      "path": "detect_secrets.filters.heuristic.is_not_alphanumeric_string"
    },
    {
      "path": "detect_secrets.filters.heuristic.is_potential_uuid"
    },
    {
      "path": "detect_secrets.filters.heuristic.is_prefixed_with_dollar_sign"
    },
    {
      "path": "detect_secrets.filters.heuristic.is_sequential_string"
    },
    {
      "path": "detect_secrets.filters.heuristic.is_swagger_file"
    },
    {
      "path": "detect_secrets.filters.heuristic.is_templated_secret"
    }
  ],
  "results": {
    "examples/aggregate-input.json": [
      {
        "type": "Hex High Entropy String",
        "filename": "examples/aggregate-input.json",
        "hashed_secret": "559e1390dd21bcd053652f3942b3dc9cd56d31ee",
        "is_verified": false,
        "line_number": 101,
        "is_secret": false
      }
    ],
    "examples/closed-history-reviewer-input.json": [
      {
        "type": "Hex High Entropy String",
        "filename": "examples/closed-history-reviewer-input.json",
        "hashed_secret": "b98b781894ea6440aa0be5ccea10795d0cb95eb7",
        "is_verified": false,
        "line_number": 101,
        "is_secret": false
      }
    ],
    "examples/closed-history-verifier-input.json": [
      {
        "type": "Hex High Entropy String",
        "filename": "examples/closed-history-verifier-input.json",
        "hashed_secret": "dc56755a24ae3855b63b928e0c540b26413542bc",
        "is_verified": false,
        "line_number": 204,
        "is_secret": false
      }
    ],
    "examples/computation-retried-report.json": [
      {
        "type": "Hex High Entropy String",
        "filename": "examples/computation-retried-report.json",
        "hashed_secret": "3ad6392af5e158640accd052cc093411f070ea75",
        "is_verified": false,
        "line_number": 16,
        "is_secret": false
      },
      {
        "type": "Hex High Entropy String",
        "filename": "examples/computation-retried-report.json",
        "hashed_secret": "0bcad358612bea2e1bfdd29f80dd98d2dfed0226",
        "is_verified": false,
        "line_number": 551,
        "is_secret": false
      },
      {
        "type": "Hex High Entropy String",
        "filename": "examples/computation-retried-report.json",
        "hashed_secret": "b98b781894ea6440aa0be5ccea10795d0cb95eb7",
        "is_verified": false,
        "line_number": 568,
        "is_secret": false
      },
      {
        "type": "Hex High Entropy String",
        "filename": "examples/computation-retried-report.json",
        "hashed_secret": "559e1390dd21bcd053652f3942b3dc9cd56d31ee",
        "is_verified": false,
        "line_number": 585,
        "is_secret": false
      },
      {
        "type": "Hex High Entropy String",
        "filename": "examples/computation-retried-report.json",
        "hashed_secret": "dc56755a24ae3855b63b928e0c540b26413542bc",
        "is_verified": false,
        "line_number": 602,
        "is_secret": false
      },
      {
        "type": "Hex High Entropy String",
        "filename": "examples/computation-retried-report.json",
        "hashed_secret": "d006630cbcb1ea3dc92877a061d1c98e86031250",
        "is_verified": false,
        "line_number": 774,
        "is_secret": false
      }
    ],
    "examples/context-changed-report.json": [
      {
        "type": "Hex High Entropy String",
        "filename": "examples/context-changed-report.json",
        "hashed_secret": "3ad6392af5e158640accd052cc093411f070ea75",
        "is_verified": false,
        "line_number": 16,
        "is_secret": false
      },
      {
        "type": "Hex High Entropy String",
        "filename": "examples/context-changed-report.json",
        "hashed_secret": "0bcad358612bea2e1bfdd29f80dd98d2dfed0226",
        "is_verified": false,
        "line_number": 527,
        "is_secret": false
      },
      {
        "type": "Hex High Entropy String",
        "filename": "examples/context-changed-report.json",
        "hashed_secret": "b98b781894ea6440aa0be5ccea10795d0cb95eb7",
        "is_verified": false,
        "line_number": 544,
        "is_secret": false
      },
      {
        "type": "Hex High Entropy String",
        "filename": "examples/context-changed-report.json",
        "hashed_secret": "559e1390dd21bcd053652f3942b3dc9cd56d31ee",
        "is_verified": false,
        "line_number": 561,
        "is_secret": false
      },
      {
        "type": "Hex High Entropy String",
        "filename": "examples/context-changed-report.json",
        "hashed_secret": "dc56755a24ae3855b63b928e0c540b26413542bc",
        "is_verified": false,
        "line_number": 578,
        "is_secret": false
      },
      {
        "type": "Hex High Entropy String",
        "filename": "examples/context-changed-report.json",
        "hashed_secret": "d006630cbcb1ea3dc92877a061d1c98e86031250",
        "is_verified": false,
        "line_number": 774,
        "is_secret": false
      }
    ],
    "examples/custom-prompts-history-import-input.json": [
      {
        "type": "Hex High Entropy String",
        "filename": "examples/custom-prompts-history-import-input.json",
        "hashed_secret": "72e68741ccb65ae9d76b8cd906f1f559ad35f025",
        "is_verified": false,
        "line_number": 163,
        "is_secret": false
      }
    ],
    "examples/custom-prompts-reviewer-input.json": [
      {
        "type": "Hex High Entropy String",
        "filename": "examples/custom-prompts-reviewer-input.json",
        "hashed_secret": "18c6356d70f77a40f2b125c25beda6f8b753789a",
        "is_verified": false,
        "line_number": 101,
        "is_secret": false
      }
    ],
    "examples/delivery-failed-report.json": [
      {
        "type": "Hex High Entropy String",
        "filename": "examples/delivery-failed-report.json",
        "hashed_secret": "3ad6392af5e158640accd052cc093411f070ea75",
        "is_verified": false,
        "line_number": 16,
        "is_secret": false
      },
      {
        "type": "Hex High Entropy String",
        "filename": "examples/delivery-failed-report.json",
        "hashed_secret": "0bcad358612bea2e1bfdd29f80dd98d2dfed0226",
        "is_verified": false,
        "line_number": 520,
        "is_secret": false
      },
      {
        "type": "Hex High Entropy String",
        "filename": "examples/delivery-failed-report.json",
        "hashed_secret": "b98b781894ea6440aa0be5ccea10795d0cb95eb7",
        "is_verified": false,
        "line_number": 537,
        "is_secret": false
      },
      {
        "type": "Hex High Entropy String",
        "filename": "examples/delivery-failed-report.json",
        "hashed_secret": "559e1390dd21bcd053652f3942b3dc9cd56d31ee",
        "is_verified": false,
        "line_number": 554,
        "is_secret": false
      },
      {
        "type": "Hex High Entropy String",
        "filename": "examples/delivery-failed-report.json",
        "hashed_secret": "dc56755a24ae3855b63b928e0c540b26413542bc",
        "is_verified": false,
        "line_number": 571,
        "is_secret": false
      },
      {
        "type": "Hex High Entropy String",
        "filename": "examples/delivery-failed-report.json",
        "hashed_secret": "d006630cbcb1ea3dc92877a061d1c98e86031250",
        "is_verified": false,
        "line_number": 738,
        "is_secret": false
      }
    ],
    "examples/delivery-retried-report.json": [
      {
        "type": "Hex High Entropy String",
        "filename": "examples/delivery-retried-report.json",
        "hashed_secret": "3ad6392af5e158640accd052cc093411f070ea75",
        "is_verified": false,
        "line_number": 16,
        "is_secret": false
      },
      {
        "type": "Hex High Entropy String",
        "filename": "examples/delivery-retried-report.json",
        "hashed_secret": "0bcad358612bea2e1bfdd29f80dd98d2dfed0226",
        "is_verified": false,
        "line_number": 611,
        "is_secret": false
      },
      {
        "type": "Hex High Entropy String",
        "filename": "examples/delivery-retried-report.json",
        "hashed_secret": "b98b781894ea6440aa0be5ccea10795d0cb95eb7",
        "is_verified": false,
        "line_number": 628,
        "is_secret": false
      },
      {
        "type": "Hex High Entropy String",
        "filename": "examples/delivery-retried-report.json",
        "hashed_secret": "559e1390dd21bcd053652f3942b3dc9cd56d31ee",
        "is_verified": false,
        "line_number": 645,
        "is_secret": false
      },
      {
        "type": "Hex High Entropy String",
        "filename": "examples/delivery-retried-report.json",
        "hashed_secret": "dc56755a24ae3855b63b928e0c540b26413542bc",
        "is_verified": false,
        "line_number": 662,
        "is_secret": false
      },
      {
        "type": "Hex High Entropy String",
        "filename": "examples/delivery-retried-report.json",
        "hashed_secret": "d006630cbcb1ea3dc92877a061d1c98e86031250",
        "is_verified": false,
        "line_number": 834,
        "is_secret": false
      }
    ],
    "examples/discussion-derived-target-request.json": [
      {
        "type": "Hex High Entropy String",
        "filename": "examples/discussion-derived-target-request.json",
        "hashed_secret": "56472609acbcd99afdb21a985621e0bab4a90bba",
        "is_verified": false,
        "line_number": 298,
        "is_secret": false
      }
    ],
    "examples/discussion-empty-target-request.json": [
      {
        "type": "Hex High Entropy String",
        "filename": "examples/discussion-empty-target-request.json",
        "hashed_secret": "56472609acbcd99afdb21a985621e0bab4a90bba",
        "is_verified": false,
        "line_number": 298,
        "is_secret": false
      }
    ],
    "examples/discussion-input.json": [
      {
        "type": "Hex High Entropy String",
        "filename": "examples/discussion-input.json",
        "hashed_secret": "192a7fc9dea315483749718213828dc9ef03b33f",
        "is_verified": false,
        "line_number": 207,
        "is_secret": false
      }
    ],
    "examples/discussion-reassessment-input.json": [
      {
        "type": "Hex High Entropy String",
        "filename": "examples/discussion-reassessment-input.json",
        "hashed_secret": "192a7fc9dea315483749718213828dc9ef03b33f",
        "is_verified": false,
        "line_number": 207,
        "is_secret": false
      }
    ],
    "examples/discussion-report.json": [
      {
        "type": "Hex High Entropy String",
        "filename": "examples/discussion-report.json",
        "hashed_secret": "17eb247495d4b75902c8b879347f029da25b90e0",
        "is_verified": false,
        "line_number": 16,
        "is_secret": false
      },
      {
        "type": "Hex High Entropy String",
        "filename": "examples/discussion-report.json",
        "hashed_secret": "0bcad358612bea2e1bfdd29f80dd98d2dfed0226",
        "is_verified": false,
        "line_number": 413,
        "is_secret": false
      },
      {
        "type": "Hex High Entropy String",
        "filename": "examples/discussion-report.json",
        "hashed_secret": "b98b781894ea6440aa0be5ccea10795d0cb95eb7",
        "is_verified": false,
        "line_number": 430,
        "is_secret": false
      },
      {
        "type": "Hex High Entropy String",
        "filename": "examples/discussion-report.json",
        "hashed_secret": "559e1390dd21bcd053652f3942b3dc9cd56d31ee",
        "is_verified": false,
        "line_number": 447,
        "is_secret": false
      },
      {
        "type": "Hex High Entropy String",
        "filename": "examples/discussion-report.json",
        "hashed_secret": "dc56755a24ae3855b63b928e0c540b26413542bc",
        "is_verified": false,
        "line_number": 464,
        "is_secret": false
      },
      {
        "type": "Hex High Entropy String",
        "filename": "examples/discussion-report.json",
        "hashed_secret": "192a7fc9dea315483749718213828dc9ef03b33f",
        "is_verified": false,
        "line_number": 481,
        "is_secret": false
      },
      {
        "type": "Hex High Entropy String",
        "filename": "examples/discussion-report.json",
        "hashed_secret": "d006630cbcb1ea3dc92877a061d1c98e86031250",
        "is_verified": false,
        "line_number": 703,
        "is_secret": false
      }
    ],
    "examples/discussion-request.json": [
      {
        "type": "Hex High Entropy String",
        "filename": "examples/discussion-request.json",
        "hashed_secret": "56472609acbcd99afdb21a985621e0bab4a90bba",
        "is_verified": false,
        "line_number": 298,
        "is_secret": false
      }
    ],
    "examples/discussion-verifier-input.json": [
      {
        "type": "Hex High Entropy String",
        "filename": "examples/discussion-verifier-input.json",
        "hashed_secret": "dc56755a24ae3855b63b928e0c540b26413542bc",
        "is_verified": false,
        "line_number": 207,
        "is_secret": false
      }
    ],
    "examples/follow-up-report.json": [
      {
        "type": "Hex High Entropy String",
        "filename": "examples/follow-up-report.json",
        "hashed_secret": "96398aa722453c4aeb20f18ee98f0ed5be049f70",
        "is_verified": false,
        "line_number": 16,
        "is_secret": false
      },
      {
        "type": "Hex High Entropy String",
        "filename": "examples/follow-up-report.json",
        "hashed_secret": "0bcad358612bea2e1bfdd29f80dd98d2dfed0226",
        "is_verified": false,
        "line_number": 472,
        "is_secret": false
      },
      {
        "type": "Hex High Entropy String",
        "filename": "examples/follow-up-report.json",
        "hashed_secret": "b98b781894ea6440aa0be5ccea10795d0cb95eb7",
        "is_verified": false,
        "line_number": 489,
        "is_secret": false
      },
      {
        "type": "Hex High Entropy String",
        "filename": "examples/follow-up-report.json",
        "hashed_secret": "559e1390dd21bcd053652f3942b3dc9cd56d31ee",
        "is_verified": false,
        "line_number": 506,
        "is_secret": false
      },
      {
        "type": "Hex High Entropy String",
        "filename": "examples/follow-up-report.json",
        "hashed_secret": "dc56755a24ae3855b63b928e0c540b26413542bc",
        "is_verified": false,
        "line_number": 523,
        "is_secret": false
      },
      {
        "type": "Hex High Entropy String",
        "filename": "examples/follow-up-report.json",
        "hashed_secret": "d006630cbcb1ea3dc92877a061d1c98e86031250",
        "is_verified": false,
        "line_number": 806,
        "is_secret": false
      }
    ],
    "examples/follow-up-request.json": [
      {
        "type": "Hex High Entropy String",
        "filename": "examples/follow-up-request.json",
        "hashed_secret": "56472609acbcd99afdb21a985621e0bab4a90bba",
        "is_verified": false,
        "line_number": 296,
        "is_secret": false
      }
    ],
    "examples/follow-up-verifier-input.json": [
      {
        "type": "Hex High Entropy String",
        "filename": "examples/follow-up-verifier-input.json",
        "hashed_secret": "dc56755a24ae3855b63b928e0c540b26413542bc",
        "is_verified": false,
        "line_number": 204,
        "is_secret": false
      }
    ],
    "examples/history-import-correction-input.json": [
      {
        "type": "Hex High Entropy String",
        "filename": "examples/history-import-correction-input.json",
        "hashed_secret": "4df9537c439c86ebb3c270e8aedb310686ef9e88",
        "is_verified": false,
        "line_number": 163,
        "is_secret": false
      }
    ],
    "examples/history-import-input.json": [
      {
        "type": "Hex High Entropy String",
        "filename": "examples/history-import-input.json",
        "hashed_secret": "4df9537c439c86ebb3c270e8aedb310686ef9e88",
        "is_verified": false,
        "line_number": 163,
        "is_secret": false
      }
    ],
    "examples/history-import-no-assertion-input.json": [
      {
        "type": "Hex High Entropy String",
        "filename": "examples/history-import-no-assertion-input.json",
        "hashed_secret": "4df9537c439c86ebb3c270e8aedb310686ef9e88",
        "is_verified": false,
        "line_number": 163,
        "is_secret": false
      }
    ],
    "examples/human-import-verifier-input.json": [
      {
        "type": "Hex High Entropy String",
        "filename": "examples/human-import-verifier-input.json",
        "hashed_secret": "dc56755a24ae3855b63b928e0c540b26413542bc",
        "is_verified": false,
        "line_number": 163,
        "is_secret": false
      }
    ],
    "examples/import-accounting-corrected.json": [
      {
        "type": "Hex High Entropy String",
        "filename": "examples/import-accounting-corrected.json",
        "hashed_secret": "130e946441432c6a5454d0ec33261703fc291844",
        "is_verified": false,
        "line_number": 99,
        "is_secret": false
      },
      {
        "type": "Hex High Entropy String",
        "filename": "examples/import-accounting-corrected.json",
        "hashed_secret": "c9a347986bc5d495bc5a43cfb770307083bfbb11",
        "is_verified": false,
        "line_number": 107,
        "is_secret": false
      },
      {
        "type": "Hex High Entropy String",
        "filename": "examples/import-accounting-corrected.json",
        "hashed_secret": "176935b903859685aa3404cb76c5a069d541b4c8",
        "is_verified": false,
        "line_number": 115,
        "is_secret": false
      },
      {
        "type": "Hex High Entropy String",
        "filename": "examples/import-accounting-corrected.json",
        "hashed_secret": "52542ecb5a757988afba93f311c7ea39c7a5aaf7",
        "is_verified": false,
        "line_number": 123,
        "is_secret": false
      }
    ],
    "examples/import-corrected-reviewer-input.json": [
      {
        "type": "Hex High Entropy String",
        "filename": "examples/import-corrected-reviewer-input.json",
        "hashed_secret": "b98b781894ea6440aa0be5ccea10795d0cb95eb7",
        "is_verified": false,
        "line_number": 163,
        "is_secret": false
      },
      {
        "type": "Hex High Entropy String",
        "filename": "examples/import-corrected-reviewer-input.json",
        "hashed_secret": "130e946441432c6a5454d0ec33261703fc291844",
        "is_verified": false,
        "line_number": 378,
        "is_secret": false
      },
      {
        "type": "Hex High Entropy String",
        "filename": "examples/import-corrected-reviewer-input.json",
        "hashed_secret": "c9a347986bc5d495bc5a43cfb770307083bfbb11",
        "is_verified": false,
        "line_number": 386,
        "is_secret": false
      },
      {
        "type": "Hex High Entropy String",
        "filename": "examples/import-corrected-reviewer-input.json",
        "hashed_secret": "176935b903859685aa3404cb76c5a069d541b4c8",
        "is_verified": false,
        "line_number": 394,
        "is_secret": false
      },
      {
        "type": "Hex High Entropy String",
        "filename": "examples/import-corrected-reviewer-input.json",
        "hashed_secret": "52542ecb5a757988afba93f311c7ea39c7a5aaf7",
        "is_verified": false,
        "line_number": 402,
        "is_secret": false
      }
    ],
    "examples/import-omission-reviewer-input.json": [
      {
        "type": "Hex High Entropy String",
        "filename": "examples/import-omission-reviewer-input.json",
        "hashed_secret": "b98b781894ea6440aa0be5ccea10795d0cb95eb7",
        "is_verified": false,
        "line_number": 163,
        "is_secret": false
      }
    ],
    "examples/job-event-delivery-failed.json": [
      {
        "type": "Hex High Entropy String",
        "filename": "examples/job-event-delivery-failed.json",
        "hashed_secret": "3ad6392af5e158640accd052cc093411f070ea75",
        "is_verified": false,
        "line_number": 30,
        "is_secret": false
      },
      {
        "type": "Hex High Entropy String",
        "filename": "examples/job-event-delivery-failed.json",
        "hashed_secret": "0bcad358612bea2e1bfdd29f80dd98d2dfed0226",
        "is_verified": false,
        "line_number": 534,
        "is_secret": false
      },
      {
        "type": "Hex High Entropy String",
        "filename": "examples/job-event-delivery-failed.json",
        "hashed_secret": "b98b781894ea6440aa0be5ccea10795d0cb95eb7",
        "is_verified": false,
        "line_number": 551,
        "is_secret": false
      },
      {
        "type": "Hex High Entropy String",
        "filename": "examples/job-event-delivery-failed.json",
        "hashed_secret": "559e1390dd21bcd053652f3942b3dc9cd56d31ee",
        "is_verified": false,
        "line_number": 568,
        "is_secret": false
      },
      {
        "type": "Hex High Entropy String",
        "filename": "examples/job-event-delivery-failed.json",
        "hashed_secret": "dc56755a24ae3855b63b928e0c540b26413542bc",
        "is_verified": false,
        "line_number": 585,
        "is_secret": false
      },
      {
        "type": "Hex High Entropy String",
        "filename": "examples/job-event-delivery-failed.json",
        "hashed_secret": "d006630cbcb1ea3dc92877a061d1c98e86031250",
        "is_verified": false,
        "line_number": 752,
        "is_secret": false
      },
      {
        "type": "Hex High Entropy String",
        "filename": "examples/job-event-delivery-failed.json",
        "hashed_secret": "ede08ba4447944f89e30d6f85b05bb3a51d3fe87",
        "is_verified": false,
        "line_number": 761,
        "is_secret": false
      }
    ],
    "examples/job-event-failed.json": [
      {
        "type": "Hex High Entropy String",
        "filename": "examples/job-event-failed.json",
        "hashed_secret": "b1945966a8f2e5e4aef6a9563e3fb93cb98a9719",
        "is_verified": false,
        "line_number": 29,
        "is_secret": false
      }
    ],
    "examples/job-event-retry-finished.json": [
      {
        "type": "Hex High Entropy String",
        "filename": "examples/job-event-retry-finished.json",
        "hashed_secret": "3ad6392af5e158640accd052cc093411f070ea75",
        "is_verified": false,
        "line_number": 30,
        "is_secret": false
      },
      {
        "type": "Hex High Entropy String",
        "filename": "examples/job-event-retry-finished.json",
        "hashed_secret": "0bcad358612bea2e1bfdd29f80dd98d2dfed0226",
        "is_verified": false,
        "line_number": 565,
        "is_secret": false
      },
      {
        "type": "Hex High Entropy String",
        "filename": "examples/job-event-retry-finished.json",
        "hashed_secret": "b98b781894ea6440aa0be5ccea10795d0cb95eb7",
        "is_verified": false,
        "line_number": 582,
        "is_secret": false
      },
      {
        "type": "Hex High Entropy String",
        "filename": "examples/job-event-retry-finished.json",
        "hashed_secret": "559e1390dd21bcd053652f3942b3dc9cd56d31ee",
        "is_verified": false,
        "line_number": 599,
        "is_secret": false
      },
      {
        "type": "Hex High Entropy String",
        "filename": "examples/job-event-retry-finished.json",
        "hashed_secret": "dc56755a24ae3855b63b928e0c540b26413542bc",
        "is_verified": false,
        "line_number": 616,
        "is_secret": false
      },
      {
        "type": "Hex High Entropy String",
        "filename": "examples/job-event-retry-finished.json",
        "hashed_secret": "d006630cbcb1ea3dc92877a061d1c98e86031250",
        "is_verified": false,
        "line_number": 788,
        "is_secret": false
      },
      {
        "type": "Hex High Entropy String",
        "filename": "examples/job-event-retry-finished.json",
        "hashed_secret": "03df93696872d5415417f2c2b6fe3af2237315e1",
        "is_verified": false,
        "line_number": 797,
        "is_secret": false
      }
    ],
    "examples/job-event-stopped.json": [
      {
        "type": "Hex High Entropy String",
        "filename": "examples/job-event-stopped.json",
        "hashed_secret": "3ad6392af5e158640accd052cc093411f070ea75",
        "is_verified": false,
        "line_number": 30,
        "is_secret": false
      },
      {
        "type": "Hex High Entropy String",
        "filename": "examples/job-event-stopped.json",
        "hashed_secret": "0bcad358612bea2e1bfdd29f80dd98d2dfed0226",
        "is_verified": false,
        "line_number": 270,
        "is_secret": false
      },
      {
        "type": "Hex High Entropy String",
        "filename": "examples/job-event-stopped.json",
        "hashed_secret": "b98b781894ea6440aa0be5ccea10795d0cb95eb7",
        "is_verified": false,
        "line_number": 287,
        "is_secret": false
      },
      {
        "type": "Hex High Entropy String",
        "filename": "examples/job-event-stopped.json",
        "hashed_secret": "559e1390dd21bcd053652f3942b3dc9cd56d31ee",
        "is_verified": false,
        "line_number": 304,
        "is_secret": false
      },
      {
        "type": "Hex High Entropy String",
        "filename": "examples/job-event-stopped.json",
        "hashed_secret": "dc56755a24ae3855b63b928e0c540b26413542bc",
        "is_verified": false,
        "line_number": 321,
        "is_secret": false
      },
      {
        "type": "Hex High Entropy String",
        "filename": "examples/job-event-stopped.json",
        "hashed_secret": "2e5a3805d1a56cd6596a02a250a9b66700fdd95b",
        "is_verified": false,
        "line_number": 460,
        "is_secret": false
      }
    ],
    "examples/job-event.json": [
      {
        "type": "Hex High Entropy String",
        "filename": "examples/job-event.json",
        "hashed_secret": "3ad6392af5e158640accd052cc093411f070ea75",
        "is_verified": false,
        "line_number": 30,
        "is_secret": false
      },
      {
        "type": "Hex High Entropy String",
        "filename": "examples/job-event.json",
        "hashed_secret": "0bcad358612bea2e1bfdd29f80dd98d2dfed0226",
        "is_verified": false,
        "line_number": 541,
        "is_secret": false
      },
      {
        "type": "Hex High Entropy String",
        "filename": "examples/job-event.json",
        "hashed_secret": "b98b781894ea6440aa0be5ccea10795d0cb95eb7",
        "is_verified": false,
        "line_number": 558,
        "is_secret": false
      },
      {
        "type": "Hex High Entropy String",
        "filename": "examples/job-event.json",
        "hashed_secret": "559e1390dd21bcd053652f3942b3dc9cd56d31ee",
        "is_verified": false,
        "line_number": 575,
        "is_secret": false
      },
      {
        "type": "Hex High Entropy String",
        "filename": "examples/job-event.json",
        "hashed_secret": "dc56755a24ae3855b63b928e0c540b26413542bc",
        "is_verified": false,
        "line_number": 592,
        "is_secret": false
      },
      {
        "type": "Hex High Entropy String",
        "filename": "examples/job-event.json",
        "hashed_secret": "d006630cbcb1ea3dc92877a061d1c98e86031250",
        "is_verified": false,
        "line_number": 764,
        "is_secret": false
      },
      {
        "type": "Hex High Entropy String",
        "filename": "examples/job-event.json",
        "hashed_secret": "56472609acbcd99afdb21a985621e0bab4a90bba",
        "is_verified": false,
        "line_number": 773,
        "is_secret": false
      }
    ],
    "examples/multi-thread-verifier-input.json": [
      {
        "type": "Hex High Entropy String",
        "filename": "examples/multi-thread-verifier-input.json",
        "hashed_secret": "dc56755a24ae3855b63b928e0c540b26413542bc",
        "is_verified": false,
        "line_number": 233,
        "is_secret": false
      }
    ],
    "examples/reservation-recovery-finalized.json": [
      {
        "type": "Hex High Entropy String",
        "filename": "examples/reservation-recovery-finalized.json",
        "hashed_secret": "56472609acbcd99afdb21a985621e0bab4a90bba",
        "is_verified": false,
        "line_number": 59,
        "is_secret": false
      }
    ],
    "examples/retained-closure-discussion-request.json": [
      {
        "type": "Hex High Entropy String",
        "filename": "examples/retained-closure-discussion-request.json",
        "hashed_secret": "67ec9795d4d034aabee87ee279e7e91ec05f2c74",
        "is_verified": false,
        "line_number": 298,
        "is_secret": false
      }
    ],
    "examples/retained-closure-report.json": [
      {
        "type": "Hex High Entropy String",
        "filename": "examples/retained-closure-report.json",
        "hashed_secret": "1932bcbf8d4f12d5d70a8759bbb9e9b99a7ece90",
        "is_verified": false,
        "line_number": 16,
        "is_secret": false
      },
      {
        "type": "Hex High Entropy String",
        "filename": "examples/retained-closure-report.json",
        "hashed_secret": "0bcad358612bea2e1bfdd29f80dd98d2dfed0226",
        "is_verified": false,
        "line_number": 461,
        "is_secret": false
      },
      {
        "type": "Hex High Entropy String",
        "filename": "examples/retained-closure-report.json",
        "hashed_secret": "b98b781894ea6440aa0be5ccea10795d0cb95eb7",
        "is_verified": false,
        "line_number": 478,
        "is_secret": false
      },
      {
        "type": "Hex High Entropy String",
        "filename": "examples/retained-closure-report.json",
        "hashed_secret": "559e1390dd21bcd053652f3942b3dc9cd56d31ee",
        "is_verified": false,
        "line_number": 495,
        "is_secret": false
      },
      {
        "type": "Hex High Entropy String",
        "filename": "examples/retained-closure-report.json",
        "hashed_secret": "dc56755a24ae3855b63b928e0c540b26413542bc",
        "is_verified": false,
        "line_number": 512,
        "is_secret": false
      },
      {
        "type": "Hex High Entropy String",
        "filename": "examples/retained-closure-report.json",
        "hashed_secret": "192a7fc9dea315483749718213828dc9ef03b33f",
        "is_verified": false,
        "line_number": 529,
        "is_secret": false
      },
      {
        "type": "Hex High Entropy String",
        "filename": "examples/retained-closure-report.json",
        "hashed_secret": "d006630cbcb1ea3dc92877a061d1c98e86031250",
        "is_verified": false,
        "line_number": 855,
        "is_secret": false
      }
    ],
    "examples/retained-closure-verifier-input.json": [
      {
        "type": "Hex High Entropy String",
        "filename": "examples/retained-closure-verifier-input.json",
        "hashed_secret": "dc56755a24ae3855b63b928e0c540b26413542bc",
        "is_verified": false,
        "line_number": 207,
        "is_secret": false
      }
    ],
    "examples/review-multi-thread-verifier-input.json": [
      {
        "type": "Hex High Entropy String",
        "filename": "examples/review-multi-thread-verifier-input.json",
        "hashed_secret": "dc56755a24ae3855b63b928e0c540b26413542bc",
        "is_verified": false,
        "line_number": 233,
        "is_secret": false
      }
    ],
    "examples/review-report-failed.json": [
      {
        "type": "Hex High Entropy String",
        "filename": "examples/review-report-failed.json",
        "hashed_secret": "3ad6392af5e158640accd052cc093411f070ea75",
        "is_verified": false,
        "line_number": 16,
        "is_secret": false
      },
      {
        "type": "Hex High Entropy String",
        "filename": "examples/review-report-failed.json",
        "hashed_secret": "0bcad358612bea2e1bfdd29f80dd98d2dfed0226",
        "is_verified": false,
        "line_number": 270,
        "is_secret": false
      },
      {
        "type": "Hex High Entropy String",
        "filename": "examples/review-report-failed.json",
        "hashed_secret": "b98b781894ea6440aa0be5ccea10795d0cb95eb7",
        "is_verified": false,
        "line_number": 287,
        "is_secret": false
      },
      {
        "type": "Hex High Entropy String",
        "filename": "examples/review-report-failed.json",
        "hashed_secret": "559e1390dd21bcd053652f3942b3dc9cd56d31ee",
        "is_verified": false,
        "line_number": 304,
        "is_secret": false
      },
      {
        "type": "Hex High Entropy String",
        "filename": "examples/review-report-failed.json",
        "hashed_secret": "dc56755a24ae3855b63b928e0c540b26413542bc",
        "is_verified": false,
        "line_number": 321,
        "is_secret": false
      }
    ],
    "examples/review-report-unverifiable.json": [
      {
        "type": "Hex High Entropy String",
        "filename": "examples/review-report-unverifiable.json",
        "hashed_secret": "3ad6392af5e158640accd052cc093411f070ea75",
        "is_verified": false,
        "line_number": 16,
        "is_secret": false
      },
      {
        "type": "Hex High Entropy String",
        "filename": "examples/review-report-unverifiable.json",
        "hashed_secret": "0bcad358612bea2e1bfdd29f80dd98d2dfed0226",
        "is_verified": false,
        "line_number": 522,
        "is_secret": false
      },
      {
        "type": "Hex High Entropy String",
        "filename": "examples/review-report-unverifiable.json",
        "hashed_secret": "b98b781894ea6440aa0be5ccea10795d0cb95eb7",
        "is_verified": false,
        "line_number": 539,
        "is_secret": false
      },
      {
        "type": "Hex High Entropy String",
        "filename": "examples/review-report-unverifiable.json",
        "hashed_secret": "559e1390dd21bcd053652f3942b3dc9cd56d31ee",
        "is_verified": false,
        "line_number": 556,
        "is_secret": false
      },
      {
        "type": "Hex High Entropy String",
        "filename": "examples/review-report-unverifiable.json",
        "hashed_secret": "dc56755a24ae3855b63b928e0c540b26413542bc",
        "is_verified": false,
        "line_number": 573,
        "is_secret": false
      },
      {
        "type": "Hex High Entropy String",
        "filename": "examples/review-report-unverifiable.json",
        "hashed_secret": "d006630cbcb1ea3dc92877a061d1c98e86031250",
        "is_verified": false,
        "line_number": 745,
        "is_secret": false
      }
    ],
    "examples/review-report.json": [
      {
        "type": "Hex High Entropy String",
        "filename": "examples/review-report.json",
        "hashed_secret": "3ad6392af5e158640accd052cc093411f070ea75",
        "is_verified": false,
        "line_number": 16,
        "is_secret": false
      },
      {
        "type": "Hex High Entropy String",
        "filename": "examples/review-report.json",
        "hashed_secret": "0bcad358612bea2e1bfdd29f80dd98d2dfed0226",
        "is_verified": false,
        "line_number": 527,
        "is_secret": false
      },
      {
        "type": "Hex High Entropy String",
        "filename": "examples/review-report.json",
        "hashed_secret": "b98b781894ea6440aa0be5ccea10795d0cb95eb7",
        "is_verified": false,
        "line_number": 544,
        "is_secret": false
      },
      {
        "type": "Hex High Entropy String",
        "filename": "examples/review-report.json",
        "hashed_secret": "559e1390dd21bcd053652f3942b3dc9cd56d31ee",
        "is_verified": false,
        "line_number": 561,
        "is_secret": false
      },
      {
        "type": "Hex High Entropy String",
        "filename": "examples/review-report.json",
        "hashed_secret": "dc56755a24ae3855b63b928e0c540b26413542bc",
        "is_verified": false,
        "line_number": 578,
        "is_secret": false
      },
      {
        "type": "Hex High Entropy String",
        "filename": "examples/review-report.json",
        "hashed_secret": "d006630cbcb1ea3dc92877a061d1c98e86031250",
        "is_verified": false,
        "line_number": 750,
        "is_secret": false
      }
    ],
    "examples/reviewer-input.json": [
      {
        "type": "Hex High Entropy String",
        "filename": "examples/reviewer-input.json",
        "hashed_secret": "b98b781894ea6440aa0be5ccea10795d0cb95eb7",
        "is_verified": false,
        "line_number": 101,
        "is_secret": false
      }
    ],
    "examples/single-reviewer-history-aggregate-input.json": [
      {
        "type": "Hex High Entropy String",
        "filename": "examples/single-reviewer-history-aggregate-input.json",
        "hashed_secret": "559e1390dd21bcd053652f3942b3dc9cd56d31ee",
        "is_verified": false,
        "line_number": 207,
        "is_secret": false
      }
    ],
    "examples/stopped-report.json": [
      {
        "type": "Hex High Entropy String",
        "filename": "examples/stopped-report.json",
        "hashed_secret": "3ad6392af5e158640accd052cc093411f070ea75",
        "is_verified": false,
        "line_number": 16,
        "is_secret": false
      },
      {
        "type": "Hex High Entropy String",
        "filename": "examples/stopped-report.json",
        "hashed_secret": "0bcad358612bea2e1bfdd29f80dd98d2dfed0226",
        "is_verified": false,
        "line_number": 256,
        "is_secret": false
      },
      {
        "type": "Hex High Entropy String",
        "filename": "examples/stopped-report.json",
        "hashed_secret": "b98b781894ea6440aa0be5ccea10795d0cb95eb7",
        "is_verified": false,
        "line_number": 273,
        "is_secret": false
      },
      {
        "type": "Hex High Entropy String",
        "filename": "examples/stopped-report.json",
        "hashed_secret": "559e1390dd21bcd053652f3942b3dc9cd56d31ee",
        "is_verified": false,
        "line_number": 290,
        "is_secret": false
      },
      {
        "type": "Hex High Entropy String",
        "filename": "examples/stopped-report.json",
        "hashed_secret": "dc56755a24ae3855b63b928e0c540b26413542bc",
        "is_verified": false,
        "line_number": 307,
        "is_secret": false
      }
    ],
    "examples/triage-input.json": [
      {
        "type": "Hex High Entropy String",
        "filename": "examples/triage-input.json",
        "hashed_secret": "0bcad358612bea2e1bfdd29f80dd98d2dfed0226",
        "is_verified": false,
        "line_number": 101,
        "is_secret": false
      }
    ],
    "examples/two-history-verifier-input.json": [
      {
        "type": "Hex High Entropy String",
        "filename": "examples/two-history-verifier-input.json",
        "hashed_secret": "dc56755a24ae3855b63b928e0c540b26413542bc",
        "is_verified": false,
        "line_number": 204,
        "is_secret": false
      }
    ],
    "examples/verifier-input.json": [
      {
        "type": "Hex High Entropy String",
        "filename": "examples/verifier-input.json",
        "hashed_secret": "dc56755a24ae3855b63b928e0c540b26413542bc",
        "is_verified": false,
        "line_number": 204,
        "is_secret": false
      }
    ]
  },
  "generated_at": "2026-10-03T07:19:55Z"
}
